==== START 04.08.2026  1:42:10,30 ==== 
---- dotnet restore ---- 
  Определение проектов для восстановления...
  Восстановлен C:\Users\hambi\KRX_miner\KeryxNodeManager\src\KeryxNodeManager.Core\KeryxNodeManager.Core.csproj (за 2,24 с).
  Восстановлен C:\Users\hambi\KRX_miner\KeryxNodeManager\tests\KeryxNodeManager.Core.Tests\KeryxNodeManager.Core.Tests.csproj (за 2,24 с).
  Восстановлен C:\Users\hambi\KRX_miner\KeryxNodeManager\src\KeryxNodeManager.App\KeryxNodeManager.App.csproj (за 2,24 с).
---- dotnet build ---- 
  Определение проектов для восстановления...
  Все проекты обновлены для восстановления.
  KeryxNodeManager.Core -> C:\Users\hambi\KRX_miner\KeryxNodeManager\src\KeryxNodeManager.Core\bin\Release\net8.0\KeryxNodeManager.Core.dll
  KeryxNodeManager.Core.Tests -> C:\Users\hambi\KRX_miner\KeryxNodeManager\tests\KeryxNodeManager.Core.Tests\bin\Release\net8.0\KeryxNodeManager.Core.Tests.dll
  KeryxNodeManager.App -> C:\Users\hambi\KRX_miner\KeryxNodeManager\src\KeryxNodeManager.App\bin\Release\net8.0-windows\KeryxNodeManager.dll

Сборка успешно завершена.
    Предупреждений: 0
    Ошибок: 0

Прошло времени 00:00:04.48
---- dotnet test ---- 
  Определение проектов для восстановления...
  Все проекты обновлены для восстановления.
  KeryxNodeManager.Core -> C:\Users\hambi\KRX_miner\KeryxNodeManager\src\KeryxNodeManager.Core\bin\Release\net8.0\KeryxNodeManager.Core.dll
  KeryxNodeManager.Core.Tests -> C:\Users\hambi\KRX_miner\KeryxNodeManager\tests\KeryxNodeManager.Core.Tests\bin\Release\net8.0\KeryxNodeManager.Core.Tests.dll
Тестовый запуск для C:\Users\hambi\KRX_miner\KeryxNodeManager\tests\KeryxNodeManager.Core.Tests\bin\Release\net8.0\KeryxNodeManager.Core.Tests.dll (.NETCoreApp,Version=v8.0)
Версия VSTest 17.11.1 (x64)

Запуск выполнения тестов; подождите...
Общее количество тестовых файлов (1), соответствующих указанному шаблону.

Пройден!   : не пройдено     0, пройдено   182, пропущено     0, всего   182, длительность 2 s. - KeryxNodeManager.Core.Tests.dll (net8.0)
---- git add/commit/push ---- 
