==== START 04.08.2026  8:59:51,65 ==== 
---- dotnet build ---- 
  Определение проектов для восстановления...
  Все проекты обновлены для восстановления.
  KeryxNodeManager.Core -> C:\Users\hambi\KRX_miner\KeryxNodeManager\src\KeryxNodeManager.Core\bin\Release\net8.0\KeryxNodeManager.Core.dll
  KeryxNodeManager.Core.Tests -> C:\Users\hambi\KRX_miner\KeryxNodeManager\tests\KeryxNodeManager.Core.Tests\bin\Release\net8.0\KeryxNodeManager.Core.Tests.dll
  KeryxNodeManager.App -> C:\Users\hambi\KRX_miner\KeryxNodeManager\src\KeryxNodeManager.App\bin\Release\net8.0-windows\KeryxNodeManager.dll

Сборка успешно завершена.
    Предупреждений: 0
    Ошибок: 0

Прошло времени 00:00:03.16
---- dotnet test ---- 
  Определение проектов для восстановления...
  Все проекты обновлены для восстановления.
  KeryxNodeManager.Core -> C:\Users\hambi\KRX_miner\KeryxNodeManager\src\KeryxNodeManager.Core\bin\Release\net8.0\KeryxNodeManager.Core.dll
  KeryxNodeManager.Core.Tests -> C:\Users\hambi\KRX_miner\KeryxNodeManager\tests\KeryxNodeManager.Core.Tests\bin\Release\net8.0\KeryxNodeManager.Core.Tests.dll
Тестовый запуск для C:\Users\hambi\KRX_miner\KeryxNodeManager\tests\KeryxNodeManager.Core.Tests\bin\Release\net8.0\KeryxNodeManager.Core.Tests.dll (.NETCoreApp,Version=v8.0)
Версия VSTest 17.11.1 (x64)

Запуск выполнения тестов; подождите...
Общее количество тестовых файлов (1), соответствующих указанному шаблону.

Пройден!   : не пройдено     0, пройдено   187, пропущено     0, всего   187, длительность 2 s. - KeryxNodeManager.Core.Tests.dll (net8.0)
---- git status before commit ---- 
 M deploy4.log
 M src/KeryxNodeManager.App/Resources/Strings.de.xaml
 M src/KeryxNodeManager.App/Resources/Strings.en.xaml
 M src/KeryxNodeManager.App/Resources/Strings.es.xaml
 M src/KeryxNodeManager.App/Resources/Strings.fr.xaml
 M src/KeryxNodeManager.App/Resources/Strings.it.xaml
 M src/KeryxNodeManager.App/Resources/Strings.ru.xaml
 M src/KeryxNodeManager.App/Resources/Strings.uk.xaml
 M src/KeryxNodeManager.App/ViewModels/DashboardViewModel.cs
 M src/KeryxNodeManager.App/Views/DashboardView.xaml
 M src/KeryxNodeManager.App/Views/DashboardView.xaml.cs
 M src/KeryxNodeManager.Core/Cli/NodeArgumentBuilder.cs
 M src/KeryxNodeManager.Core/Models/MiningProfile.cs
 M src/KeryxNodeManager.Core/Networking/KeryxRpcJsonClient.cs
 M tests/KeryxNodeManager.Core.Tests/KeryxRpcJsonClientTests.cs
 M tests/KeryxNodeManager.Core.Tests/NodeArgumentBuilderTests.cs
?? deploy5.log
?? deploy_wallet_feature.bat
?? src/KeryxNodeManager.App/Converters/CountToVisibilityConverter.cs
?? src/KeryxNodeManager.Core/Networking/WalletRpcService.cs
---- git add/commit/push ---- 
