==== 04.08.2026  7:54:12,76 ==== 
---- full CUDA v12.6 bin listing ---- 
 Том в устройстве C не имеет метки.
 Серийный номер тома: CC94-DA46

 Содержимое папки C:\Program Files\NVIDIA GPU Computing Toolkit\CUDA\v12.6\bin

04.08.2026  02:00    <DIR>          .
04.08.2026  02:00    <DIR>          ..
15.06.2024  03:21           228 352 bin2c.exe
12.07.2024  09:21                66 compute-sanitizer.bat
04.08.2026  02:00    <DIR>          crt
15.06.2024  03:19           202 752 cu++filt.exe
16.07.2024  07:22       100 796 416 cublas64_12.dll
16.07.2024  07:22       494 290 944 cublasLt64_12.dll
15.06.2024  03:21         7 738 880 cudafe++.exe
16.07.2024  07:05           556 544 cudart64_12.dll
16.07.2024  07:20       275 258 368 cufft64_11.dll
16.07.2024  07:20           163 328 cufftw64_11.dll
16.07.2024  09:32         1 513 984 cuinj64_126.dll
15.06.2024  03:19        11 712 512 cuobjdump.exe
16.07.2024  07:20        63 279 104 curand64_10.dll
16.07.2024  08:37       116 769 792 cusolver64_11.dll
16.07.2024  08:37        77 813 760 cusolverMg64_11.dll
16.07.2024  07:38       288 743 424 cusparse64_12.dll
15.06.2024  03:21           881 152 fatbinary.exe
16.07.2024  07:46           292 352 nppc64_12.dll
16.07.2024  07:46        16 235 008 nppial64_12.dll
16.07.2024  07:46         6 234 624 nppicc64_12.dll
16.07.2024  07:46         9 865 728 nppidei64_12.dll
16.07.2024  07:46        96 892 416 nppif64_12.dll
16.07.2024  07:46        39 228 416 nppig64_12.dll
16.07.2024  07:46         9 341 952 nppim64_12.dll
16.07.2024  07:46        36 831 232 nppist64_12.dll
16.07.2024  07:46           265 728 nppisu64_12.dll
16.07.2024  07:46         4 221 440 nppitc64_12.dll
16.07.2024  07:46        12 687 872 npps64_12.dll
16.07.2024  07:22           331 776 nvblas64_12.dll
15.06.2024  03:21        14 029 312 nvcc.exe
15.06.2024  03:21               343 nvcc.profile
15.06.2024  03:19        50 708 480 nvdisasm.exe
15.06.2024  03:21           838 144 nvfatbin_120_0.dll
15.06.2024  03:21        38 855 168 nvJitLink_120_0.dll
16.07.2024  07:15         4 901 376 nvjpeg64_12.dll
15.06.2024  03:21        20 606 976 nvlink.exe
16.07.2024  09:32         2 210 304 nvprof.exe
15.06.2024  03:19           254 464 nvprune.exe
15.06.2024  03:19         5 345 280 nvrtc-builtins64_126.dll
15.06.2024  03:19        45 534 208 nvrtc64_120_0.alt.dll
15.06.2024  03:19        45 474 304 nvrtc64_120_0.dll
16.07.2024  10:40               129 nvvp.bat
15.06.2024  03:21        20 219 392 ptxas.exe
15.06.2024  03:21            84 480 __nvcc_device_query.exe
              43 файлов  1 921 440 282 байт
               3 папок  565 770 817 536 байт свободно
---- checking specific runtime DLLs the miner may dlopen ---- 
FOUND: cudart64_12.dll 
FOUND: cublas64_12.dll 
FOUND: cublasLt64_12.dll 
FOUND: curand64_10.dll 
FOUND: nvJitLink_120_0.dll 
FOUND: nvrtc64_120_0.dll 
MISSING: cudnn64_9.dll 
DIAG2_DONE 
